[05/30/26 09:25:38] [plugins/mysql] cache_get_value_name_int: field 'watered' not found (core/jobs/farmer/farmer.inc:687)
as forcibly closed by the remote host (10054)
[05/30/26 09:26:35] [plugins/discord-connector] Can't establish secured connection to Discord API: An existing connection was forcibly closed by the remote host (10054)
[05/30/26 09:27:57] [plugins/discord-connector] Can't establish secured connection to Discord gateway: An existing connection was forcibly closed by the remote host (10054)
[05/30/26 09:27:58] [plugins/discord-connector] Discord terminated websocket connection; reason: Authentication failed. (4004)
[05/30/26 09:27:58] [plugins/discord-connector] Can't write to Discord websocket gateway: The I/O operation has been aborted because of either a thread exit or an application request (995)
[05/30/26 09:27:59] [plugins/discord-connector] Discord terminated websocket connection; reason: Authentication failed. (4004)
[05/30/26 09:27:59] [plugins/discord-connector] Can't write to Discord websocket gateway: The I/O operation has been aborted because of either a thread exit or an application request (995)
[05/30/26 09:27:59] [plugins/discord-connector] Can't establish secured connection to Discord gateway: An existing connection was forcibly closed by the remote host (10054)
[05/30/26 09:28:05] [plugins/discord-connector] Discord terminated websocket connection; reason: Authentication failed. (4004)
[05/30/26 09:28:05] [plugins/discord-connector] Can't write to Discord websocket gateway: The I/O operation has been aborted because of either a thread exit or an application request (995)
[05/30/26 09:28:06] [plugins/discord-connector] Can't establish secured connection to Discord gateway: An existing connection was forcibly closed by the remote host (10054)
[05/30/26 09:28:11] [plugins/discord-connector] Can't establish secured connection to Discord gateway: An existing connection was forcibly closed by the remote host (10054)
[05/30/26 09:28:22] [plugins/discord-connector] Discord terminated websocket connection; reason: Authentication failed. (4004)
[05/30/26 09:28:22] [plugins/discord-connector] Can't write to Discord websocket gateway: The I/O operation has been aborted because of either a thread exit or an application request (995)
[05/30/26 09:28:22] [plugins/discord-connector] Can't establish secured connection to Discord gateway: An existing connection was forcibly closed by the remote host (10054)
[05/30/26 09:28:27] [plugins/discord-connector] Can't establish secured connection to Discord gateway: An existing connection was forcibly closed by the remote host (10054)
[05/30/26 09:28:37] [plugins/discord-connector] Can't establish secured connection to Discord gateway: An existing connection was forcibly closed by the remote host (10054)
[05/30/26 09:28:52] [plugins/discord-connector] Can't establish secured connection to Discord gateway: An existing connection was forcibly closed by the remote host (10054)
[05/30/26 09:29:12] [plugins/discord-connector] Can't establish secured connection to Discord gateway: An existing connection was forcibly closed by the remote host (10054)
[05/30/26 09:29:37] [plugins/discord-connector] Can't establish secured connection to Discord gateway: An existing connection was forcibly closed by the remote host (10054)
[05/30/26 09:30:08] [plugins/discord-connector] Can't establish secured connection to Discord gateway: An existing connection was forcibly closed by the remote host (10054)
[05/30/26 09:30:43] [plugins/discord-connector] Can't establish secured connection to Discord gateway: An existing connection was forcibly closed by the remote host (10054)
